[2025-02-09 21:53:21.538859] Update Update(callback_query=CallbackQuery(chat_instance='8035284736427676946', data='main_menu', from_user=User(first_name='Макс', id=341303011, is_bot=False, is_premium=True, language_code='ru', username='Maxvol2'), id='1465885270661636455', message=Message(channel_chat_created=False, chat=Chat(first_name='Макс', id=341303011, type=<ChatType.PRIVATE>, username='Maxvol2'), date=datetime.datetime(2025, 2, 9, 18, 38, 19, tzinfo=datetime.timezone.utc), delete_chat_photo=False, from_user=User(first_name='Gubernskia_Cadet_Corps_bot', id=8132367709, is_bot=True, username='Gubernskia_Cadet_Corps_bot'), group_chat_created=False, message_id=123, reply_markup=InlineKeyboardMarkup(inline_keyboard=((InlineKeyboardButton(callback_data='main_menu', text='🏠 Главное меню'),), (InlineKeyboardButton(callback_data='location', text='📍 Местоположение школы'),), (InlineKeyboardButton(callback_data='people_info', text='📄 Информация о людях'),), (InlineKeyboardButton(callback_data='faq', text='❓ Вопрос-ответ'),), (InlineKeyboardButton(callback_data='school_info', text='🏫 Информация о школе'),), (InlineKeyboardButton(callback_data='comments', text='💬 Комментарии и пожелания'),))), supergroup_chat_created=False, text='Выберите действие:')), update_id=668807113) caused error Message is not modified: specified new message content and reply markup are exactly the same as a current content and reply markup of the message
[2025-02-09 21:53:27.886286] Update Update(callback_query=CallbackQuery(chat_instance='8035284736427676946', data='location', from_user=User(first_name='Макс', id=341303011, is_bot=False, is_premium=True, language_code='ru', username='Maxvol2'), id='1465885273699359178', message=Message(channel_chat_created=False, chat=Chat(first_name='Макс', id=341303011, type=<ChatType.PRIVATE>, username='Maxvol2'), date=datetime.datetime(2025, 2, 9, 18, 38, 19, tzinfo=datetime.timezone.utc), delete_chat_photo=False, from_user=User(first_name='Gubernskia_Cadet_Corps_bot', id=8132367709, is_bot=True, username='Gubernskia_Cadet_Corps_bot'), group_chat_created=False, message_id=123, reply_markup=InlineKeyboardMarkup(inline_keyboard=((InlineKeyboardButton(callback_data='main_menu', text='🏠 Главное меню'),), (InlineKeyboardButton(callback_data='location', text='📍 Местоположение школы'),), (InlineKeyboardButton(callback_data='people_info', text='📄 Информация о людях'),), (InlineKeyboardButton(callback_data='faq', text='❓ Вопрос-ответ'),), (InlineKeyboardButton(callback_data='school_info', text='🏫 Информация о школе'),), (InlineKeyboardButton(callback_data='comments', text='💬 Комментарии и пожелания'),))), supergroup_chat_created=False, text='Выберите действие:')), update_id=668807114) caused error Message is not modified: specified new message content and reply markup are exactly the same as a current content and reply markup of the message
[2025-02-09 21:53:36.214025] Update Update(message=Message(channel_chat_created=False, chat=Chat(first_name='💗🫨', id=704381821, type=<ChatType.PRIVATE>, username='bludaman'), date=datetime.datetime(2025, 2, 9, 18, 53, 37, tzinfo=datetime.timezone.utc), delete_chat_photo=False, entities=(MessageEntity(length=6, offset=0, type=<MessageEntityType.BOT_COMMAND>),), from_user=User(first_name='💗🫨', id=704381821, is_bot=False, is_premium=True, language_code='ru', username='bludaman'), group_chat_created=False, message_id=131, supergroup_chat_created=False, text='/start'), update_id=668807118) caused error Message text is empty
[2025-02-09 21:53:45.587420] Update Update(message=Message(channel_chat_created=False, chat=Chat(first_name='Макс', id=341303011, type=<ChatType.PRIVATE>, username='Maxvol2'), date=datetime.datetime(2025, 2, 9, 18, 53, 46, tzinfo=datetime.timezone.utc), delete_chat_photo=False, entities=(MessageEntity(length=6, offset=0, type=<MessageEntityType.BOT_COMMAND>),), from_user=User(first_name='Макс', id=341303011, is_bot=False, is_premium=True, language_code='ru', username='Maxvol2'), group_chat_created=False, message_id=135, supergroup_chat_created=False, text='/start'), update_id=668807121) caused error Message text is empty
[2025-02-09 21:53:48.711666] Update Update(message=Message(channel_chat_created=False, chat=Chat(first_name='💗🫨', id=704381821, type=<ChatType.PRIVATE>, username='bludaman'), date=datetime.datetime(2025, 2, 9, 18, 53, 49, tzinfo=datetime.timezone.utc), delete_chat_photo=False, entities=(MessageEntity(length=6, offset=0, type=<MessageEntityType.BOT_COMMAND>),), from_user=User(first_name='💗🫨', id=704381821, is_bot=False, is_premium=True, language_code='ru', username='bludaman'), group_chat_created=False, message_id=136, supergroup_chat_created=False, text='/start'), update_id=668807122) caused error Message text is empty
[2025-02-09 21:53:49.377497] Update Update(callback_query=CallbackQuery(chat_instance='8035284736427676946', data='main_menu', from_user=User(first_name='Макс', id=341303011, is_bot=False, is_premium=True, language_code='ru', username='Maxvol2'), id='1465885272158342456', message=Message(channel_chat_created=False, chat=Chat(first_name='Макс', id=341303011, type=<ChatType.PRIVATE>, username='Maxvol2'), date=datetime.datetime(2025, 2, 9, 18, 53, 44, tzinfo=datetime.timezone.utc), delete_chat_photo=False, from_user=User(first_name='Gubernskia_Cadet_Corps_bot', id=8132367709, is_bot=True, username='Gubernskia_Cadet_Corps_bot'), group_chat_created=False, message_id=134, reply_markup=InlineKeyboardMarkup(inline_keyboard=((InlineKeyboardButton(callback_data='main_menu', text='🏠 Главное меню'),), (InlineKeyboardButton(callback_data='location', text='📍 Местоположение школы'),), (InlineKeyboardButton(callback_data='people_info', text='📄 Информация о людях'),), (InlineKeyboardButton(callback_data='faq', text='❓ Вопрос-ответ'),), (InlineKeyboardButton(callback_data='school_info', text='🏫 Информация о школе'),), (InlineKeyboardButton(callback_data='comments', text='💬 Комментарии и пожелания'),))), supergroup_chat_created=False, text='Выберите действие:')), update_id=668807123) caused error Message is not modified: specified new message content and reply markup are exactly the same as a current content and reply markup of the message
[2025-02-09 21:54:02.376795] Update Update(callback_query=CallbackQuery(chat_instance='-4918720271281799030', data='main_menu', from_user=User(first_name='💗🫨', id=704381821, is_bot=False, is_premium=True, language_code='ru', username='bludaman'), id='3025296886271678048', message=Message(channel_chat_created=False, chat=Chat(first_name='💗🫨', id=704381821, type=<ChatType.PRIVATE>, username='bludaman'), date=datetime.datetime(2025, 2, 9, 18, 53, 52, tzinfo=datetime.timezone.utc), delete_chat_photo=False, from_user=User(first_name='Gubernskia_Cadet_Corps_bot', id=8132367709, is_bot=True, username='Gubernskia_Cadet_Corps_bot'), group_chat_created=False, message_id=140, reply_markup=InlineKeyboardMarkup(inline_keyboard=((InlineKeyboardButton(callback_data='main_menu', text='🏠 Главное меню'),), (InlineKeyboardButton(callback_data='location', text='📍 Местоположение школы'),), (InlineKeyboardButton(callback_data='people_info', text='📄 Информация о людях'),), (InlineKeyboardButton(callback_data='faq', text='❓ Вопрос-ответ'),), (InlineKeyboardButton(callback_data='school_info', text='🏫 Информация о школе'),), (InlineKeyboardButton(callback_data='comments', text='💬 Комментарии и пожелания'),))), supergroup_chat_created=False, text='Выберите действие:')), update_id=668807125) caused error Message is not modified: specified new message content and reply markup are exactly the same as a current content and reply markup of the message
[2025-02-09 21:54:10.924325] Update Update(callback_query=CallbackQuery(chat_instance='-4918720271281799030', data='location', from_user=User(first_name='💗🫨', id=704381821, is_bot=False, is_premium=True, language_code='ru', username='bludaman'), id='3025296886433776425', message=Message(channel_chat_created=False, chat=Chat(first_name='💗🫨', id=704381821, type=<ChatType.PRIVATE>, username='bludaman'), date=datetime.datetime(2025, 2, 9, 18, 53, 52, tzinfo=datetime.timezone.utc), delete_chat_photo=False, from_user=User(first_name='Gubernskia_Cadet_Corps_bot', id=8132367709, is_bot=True, username='Gubernskia_Cadet_Corps_bot'), group_chat_created=False, message_id=140, reply_markup=InlineKeyboardMarkup(inline_keyboard=((InlineKeyboardButton(callback_data='main_menu', text='🏠 Главное меню'),), (InlineKeyboardButton(callback_data='location', text='📍 Местоположение школы'),), (InlineKeyboardButton(callback_data='people_info', text='📄 Информация о людях'),), (InlineKeyboardButton(callback_data='faq', text='❓ Вопрос-ответ'),), (InlineKeyboardButton(callback_data='school_info', text='🏫 Информация о школе'),), (InlineKeyboardButton(callback_data='comments', text='💬 Комментарии и пожелания'),))), supergroup_chat_created=False, text='Выберите действие:')), update_id=668807128) caused error Message is not modified: specified new message content and reply markup are exactly the same as a current content and reply markup of the message
[2025-02-09 21:54:12.380853] Update Update(callback_query=CallbackQuery(chat_instance='-4918720271281799030', data='location', from_user=User(first_name='💗🫨', id=704381821, is_bot=False, is_premium=True, language_code='ru', username='bludaman'), id='3025296887885656885', message=Message(channel_chat_created=False, chat=Chat(first_name='💗🫨', id=704381821, type=<ChatType.PRIVATE>, username='bludaman'), date=datetime.datetime(2025, 2, 9, 18, 53, 52, tzinfo=datetime.timezone.utc), delete_chat_photo=False, from_user=User(first_name='Gubernskia_Cadet_Corps_bot', id=8132367709, is_bot=True, username='Gubernskia_Cadet_Corps_bot'), group_chat_created=False, message_id=140, reply_markup=InlineKeyboardMarkup(inline_keyboard=((InlineKeyboardButton(callback_data='main_menu', text='🏠 Главное меню'),), (InlineKeyboardButton(callback_data='location', text='📍 Местоположение школы'),), (InlineKeyboardButton(callback_data='people_info', text='📄 Информация о людях'),), (InlineKeyboardButton(callback_data='faq', text='❓ Вопрос-ответ'),), (InlineKeyboardButton(callback_data='school_info', text='🏫 Информация о школе'),), (InlineKeyboardButton(callback_data='comments', text='💬 Комментарии и пожелания'),))), supergroup_chat_created=False, text='Выберите действие:')), update_id=668807129) caused error Message is not modified: specified new message content and reply markup are exactly the same as a current content and reply markup of the message
[2025-02-09 21:54:14.322977] Update Update(callback_query=CallbackQuery(chat_instance='-4918720271281799030', data='main_menu', from_user=User(first_name='💗🫨', id=704381821, is_bot=False, is_premium=True, language_code='ru', username='bludaman'), id='3025296889104293982', message=Message(channel_chat_created=False, chat=Chat(first_name='💗🫨', id=704381821, type=<ChatType.PRIVATE>, username='bludaman'), date=datetime.datetime(2025, 2, 9, 18, 53, 52, tzinfo=datetime.timezone.utc), delete_chat_photo=False, from_user=User(first_name='Gubernskia_Cadet_Corps_bot', id=8132367709, is_bot=True, username='Gubernskia_Cadet_Corps_bot'), group_chat_created=False, message_id=140, reply_markup=InlineKeyboardMarkup(inline_keyboard=((InlineKeyboardButton(callback_data='main_menu', text='🏠 Главное меню'),), (InlineKeyboardButton(callback_data='location', text='📍 Местоположение школы'),), (InlineKeyboardButton(callback_data='people_info', text='📄 Информация о людях'),), (InlineKeyboardButton(callback_data='faq', text='❓ Вопрос-ответ'),), (InlineKeyboardButton(callback_data='school_info', text='🏫 Информация о школе'),), (InlineKeyboardButton(callback_data='comments', text='💬 Комментарии и пожелания'),))), supergroup_chat_created=False, text='Выберите действие:')), update_id=668807130) caused error Message is not modified: specified new message content and reply markup are exactly the same as a current content and reply markup of the message
[2025-02-09 22:17:00.221070] Update Update(callback_query=CallbackQuery(chat_instance='-4918720271281799030', data='reply_341303011', from_user=User(first_name='💗🫨', id=704381821, is_bot=False, is_premium=True, language_code='ru', username='bludaman'), id='3025296887347893436', message=Message(channel_chat_created=False, chat=Chat(first_name='💗🫨', id=704381821, type=<ChatType.PRIVATE>, username='bludaman'), date=datetime.datetime(2025, 2, 9, 19, 16, 51, tzinfo=datetime.timezone.utc), delete_chat_photo=False, from_user=User(first_name='Gubernskia_Cadet_Corps_bot', id=8132367709, is_bot=True, username='Gubernskia_Cadet_Corps_bot'), group_chat_created=False, message_id=194, reply_markup=InlineKeyboardMarkup(inline_keyboard=((InlineKeyboardButton(callback_data='reply_341303011', text='Ответить'),),)), supergroup_chat_created=False, text='Вопрос от пользователя Maxvol2: ты кто такой?')), update_id=668807251) caused error Message is not modified: specified new message content and reply markup are exactly the same as a current content and reply markup of the message
[2025-02-09 22:42:56.726678] Update Update(callback_query=CallbackQuery(chat_instance='8035284736427676946', data='schedule', from_user=User(first_name='Макс', id=341303011, is_bot=False, is_premium=True, language_code='ru', username='Maxvol2'), id='1465885270514466533', message=Message(channel_chat_created=False, chat=Chat(first_name='Макс', id=341303011, type=<ChatType.PRIVATE>, username='Maxvol2'), date=datetime.datetime(2025, 2, 9, 19, 33, 3, tzinfo=datetime.timezone.utc), delete_chat_photo=False, edit_date=datetime.datetime(2025, 2, 9, 19, 42, 53, tzinfo=datetime.timezone.utc), from_user=User(first_name='Gubernskia_bot', id=8132367709, is_bot=True, username='Gubernskia_Cadet_Corps_bot'), group_chat_created=False, message_id=277, reply_markup=InlineKeyboardMarkup(inline_keyboard=((InlineKeyboardButton(callback_data='location', text='📍 Местоположение школы'),), (InlineKeyboardButton(callback_data='people_info', text='📄 Информация о людях'),), (InlineKeyboardButton(callback_data='faq', text='❓ Вопрос-ответ'),), (InlineKeyboardButton(callback_data='school_info', text='🏫 Информация о школе'),), (InlineKeyboardButton(callback_data='comments', text='💬 Комментарии и пожелания'),), (InlineKeyboardButton(callback_data='schedule', text='📅 Расписание'),))), supergroup_chat_created=False, text='Добро пожаловать в наш бот! Здесь вы можете найти информацию о школе, задать вопросы и оставить комментарии.')), update_id=668807363) caused error 'NoneType' object has no attribute 'reply_text'
[2025-02-09 22:44:33.204551] Update Update(callback_query=CallbackQuery(chat_instance='-3771944895831297306', data='schedule', from_user=User(first_name='Olga', id=1457644684, is_bot=False, language_code='ru', last_name='Lopan', username='OlgaLopan'), id='6260536249870421362', message=Message(channel_chat_created=False, chat=Chat(first_name='Olga', id=1457644684, last_name='Lopan', type=<ChatType.PRIVATE>, username='OlgaLopan'), date=datetime.datetime(2025, 2, 9, 19, 44, 14, tzinfo=datetime.timezone.utc), delete_chat_photo=False, edit_date=datetime.datetime(2025, 2, 9, 19, 44, 32, tzinfo=datetime.timezone.utc), from_user=User(first_name='Gubernskia_bot', id=8132367709, is_bot=True, username='Gubernskia_Cadet_Corps_bot'), group_chat_created=False, message_id=301, reply_markup=InlineKeyboardMarkup(inline_keyboard=((InlineKeyboardButton(callback_data='location', text='📍 Местоположение школы'),), (InlineKeyboardButton(callback_data='people_info', text='📄 Информация о людях'),), (InlineKeyboardButton(callback_data='faq', text='❓ Вопрос-ответ'),), (InlineKeyboardButton(callback_data='school_info', text='🏫 Информация о школе'),), (InlineKeyboardButton(callback_data='comments', text='💬 Комментарии и пожелания'),), (InlineKeyboardButton(callback_data='schedule', text='📅 Расписание'),))), supergroup_chat_created=False, text='Добро пожаловать в наш бот! Здесь вы можете найти информацию о школе, задать вопросы и оставить комментарии.')), update_id=668807383) caused error 'NoneType' object has no attribute 'reply_text'
[2025-02-09 22:46:21.995875] Update Update(callback_query=CallbackQuery(chat_instance='-4918720271281799030', data='schedule', from_user=User(first_name='💗🫨', id=704381821, is_bot=False, is_premium=True, language_code='ru', username='bludaman'), id='3025296885872133409', message=Message(channel_chat_created=False, chat=Chat(first_name='💗🫨', id=704381821, type=<ChatType.PRIVATE>, username='bludaman'), date=datetime.datetime(2025, 2, 9, 19, 45, 53, tzinfo=datetime.timezone.utc), delete_chat_photo=False, edit_date=datetime.datetime(2025, 2, 9, 19, 46, 21, tzinfo=datetime.timezone.utc), from_user=User(first_name='Gubernskia_bot', id=8132367709, is_bot=True, username='Gubernskia_Cadet_Corps_bot'), group_chat_created=False, message_id=312, reply_markup=InlineKeyboardMarkup(inline_keyboard=((InlineKeyboardButton(callback_data='location', text='📍 Местоположение школы'),), (InlineKeyboardButton(callback_data='people_info', text='📄 Информация о людях'),), (InlineKeyboardButton(callback_data='faq', text='❓ Вопрос-ответ'),), (InlineKeyboardButton(callback_data='school_info', text='🏫 Информация о школе'),), (InlineKeyboardButton(callback_data='comments', text='💬 Комментарии и пожелания'),), (InlineKeyboardButton(callback_data='schedule', text='📅 Расписание'),))), supergroup_chat_created=False, text='Добро пожаловать в наш бот! Здесь вы можете найти информацию о школе, задать вопросы и оставить комментарии.')), update_id=668807397) caused error 'NoneType' object has no attribute 'reply_text'
[2025-02-09 22:46:25.605713] Update Update(callback_query=CallbackQuery(chat_instance='-4918720271281799030', data='schedule', from_user=User(first_name='💗🫨', id=704381821, is_bot=False, is_premium=True, language_code='ru', username='bludaman'), id='3025296888064597072', message=Message(channel_chat_created=False, chat=Chat(first_name='💗🫨', id=704381821, type=<ChatType.PRIVATE>, username='bludaman'), date=datetime.datetime(2025, 2, 9, 19, 45, 53, tzinfo=datetime.timezone.utc), delete_chat_photo=False, edit_date=datetime.datetime(2025, 2, 9, 19, 46, 21, tzinfo=datetime.timezone.utc), from_user=User(first_name='Gubernskia_bot', id=8132367709, is_bot=True, username='Gubernskia_Cadet_Corps_bot'), group_chat_created=False, message_id=312, reply_markup=InlineKeyboardMarkup(inline_keyboard=((InlineKeyboardButton(callback_data='location', text='📍 Местоположение школы'),), (InlineKeyboardButton(callback_data='people_info', text='📄 Информация о людях'),), (InlineKeyboardButton(callback_data='faq', text='❓ Вопрос-ответ'),), (InlineKeyboardButton(callback_data='school_info', text='🏫 Информация о школе'),), (InlineKeyboardButton(callback_data='comments', text='💬 Комментарии и пожелания'),), (InlineKeyboardButton(callback_data='schedule', text='📅 Расписание'),))), supergroup_chat_created=False, text='Добро пожаловать в наш бот! Здесь вы можете найти информацию о школе, задать вопросы и оставить комментарии.')), update_id=668807398) caused error 'NoneType' object has no attribute 'reply_text'
[2025-02-09 22:54:33.186608] Update Update(callback_query=CallbackQuery(chat_instance='-4918720271281799030', data='schedule', from_user=User(first_name='💗🫨', id=704381821, is_bot=False, is_premium=True, language_code='ru', username='bludaman'), id='3025296886035605631', message=Message(channel_chat_created=False, chat=Chat(first_name='💗🫨', id=704381821, type=<ChatType.PRIVATE>, username='bludaman'), date=datetime.datetime(2025, 2, 9, 19, 54, 14, tzinfo=datetime.timezone.utc), delete_chat_photo=False, edit_date=datetime.datetime(2025, 2, 9, 19, 54, 32, tzinfo=datetime.timezone.utc), from_user=User(first_name='Gubernskia_bot', id=8132367709, is_bot=True, username='Gubernskia_Cadet_Corps_bot'), group_chat_created=False, message_id=320, reply_markup=InlineKeyboardMarkup(inline_keyboard=((InlineKeyboardButton(callback_data='location', text='📍 Местоположение школы'),), (InlineKeyboardButton(callback_data='people_info', text='📄 Информация о людях'),), (InlineKeyboardButton(callback_data='faq', text='❓ Вопрос-ответ'),), (InlineKeyboardButton(callback_data='school_info', text='🏫 Информация о школе'),), (InlineKeyboardButton(callback_data='comments', text='💬 Комментарии и пожелания'),), (InlineKeyboardButton(callback_data='schedule', text='📅 Расписание'),))), supergroup_chat_created=False, text='Добро пожаловать в наш бот! Здесь вы можете найти информацию о школе, задать вопросы и оставить комментарии.')), update_id=668807421) caused error 'NoneType' object has no attribute 'reply_text'
[2025-02-09 23:57:46.630505] Update Update(callback_query=CallbackQuery(chat_instance='8035284736427676946', data='schedule', from_user=User(first_name='Макс', id=341303011, is_bot=False, is_premium=True, language_code='ru', username='Maxvol2'), id='1465885274261424694', message=Message(channel_chat_created=False, chat=Chat(first_name='Макс', id=341303011, type=<ChatType.PRIVATE>, username='Maxvol2'), date=datetime.datetime(2025, 2, 9, 19, 45, 52, tzinfo=datetime.timezone.utc), delete_chat_photo=False, edit_date=datetime.datetime(2025, 2, 9, 19, 53, 23, tzinfo=datetime.timezone.utc), from_user=User(first_name='Gubernskia_bot', id=8132367709, is_bot=True, username='Gubernskia_Cadet_Corps_bot'), group_chat_created=False, message_id=309, reply_markup=InlineKeyboardMarkup(inline_keyboard=((InlineKeyboardButton(callback_data='location', text='📍 Местоположение школы'),), (InlineKeyboardButton(callback_data='people_info', text='📄 Информация о людях'),), (InlineKeyboardButton(callback_data='faq', text='❓ Вопрос-ответ'),), (InlineKeyboardButton(callback_data='school_info', text='🏫 Информация о школе'),), (InlineKeyboardButton(callback_data='comments', text='💬 Комментарии и пожелания'),), (InlineKeyboardButton(callback_data='schedule', text='📅 Расписание'),))), supergroup_chat_created=False, text='Добро пожаловать в наш бот! Здесь вы можете найти информацию о школе, задать вопросы и оставить комментарии.')), update_id=668807428) caused error 'NoneType' object has no attribute 'reply_text'
[2025-02-11 09:23:44.793700] Update Update(callback_query=CallbackQuery(chat_instance='-4918720271281799030', data='schedule', from_user=User(first_name='💗🫨', id=704381821, is_bot=False, is_premium=True, language_code='ru', username='bludaman'), id='3025296888239840373', message=Message(channel_chat_created=False, chat=Chat(first_name='💗🫨', id=704381821, type=<ChatType.PRIVATE>, username='bludaman'), date=datetime.datetime(2025, 2, 11, 6, 23, 24, tzinfo=datetime.timezone.utc), delete_chat_photo=False, edit_date=datetime.datetime(2025, 2, 11, 6, 23, 34, tzinfo=datetime.timezone.utc), from_user=User(first_name='Kadet58_bot', id=8132367709, is_bot=True, username='Gubernskia_Cadet_Corps_bot'), group_chat_created=False, message_id=402, reply_markup=InlineKeyboardMarkup(inline_keyboard=((InlineKeyboardButton(callback_data='location', text='📍 Местоположение школы'),), (InlineKeyboardButton(callback_data='people_info', text='📄 Информация о людях'),), (InlineKeyboardButton(callback_data='faq', text='❓ Вопрос-ответ'),), (InlineKeyboardButton(callback_data='school_info', text='🏫 Информация о школе'),), (InlineKeyboardButton(callback_data='comments', text='💬 Комментарии и пожелания'),), (InlineKeyboardButton(callback_data='schedule', text='📅 Расписание'),))), supergroup_chat_created=False, text='Добро пожаловать в наш бот! Здесь вы можете найти информацию о школе, задать вопросы и оставить комментарии.')), update_id=668807498) caused error 'NoneType' object has no attribute 'reply_text'
[2025-02-13 18:14:07.964450] Update Update(callback_query=CallbackQuery(chat_instance='-4918720271281799030', data='schedule', from_user=User(first_name='💗🫨', id=704381821, is_bot=False, is_premium=True, language_code='ru', username='bludaman'), id='3025296887831797955', message=Message(channel_chat_created=False, chat=Chat(first_name='💗🫨', id=704381821, type=<ChatType.PRIVATE>, username='bludaman'), date=datetime.datetime(2025, 2, 13, 15, 13, 47, tzinfo=datetime.timezone.utc), delete_chat_photo=False, edit_date=datetime.datetime(2025, 2, 13, 15, 14, 5, tzinfo=datetime.timezone.utc), from_user=User(first_name='Kadet58_bot', id=8132367709, is_bot=True, username='Gubernskia_Cadet_Corps_bot'), group_chat_created=False, message_id=409, reply_markup=InlineKeyboardMarkup(inline_keyboard=((InlineKeyboardButton(callback_data='location', text='📍 Местоположение школы'),), (InlineKeyboardButton(callback_data='people_info', text='📄 Информация о людях'),), (InlineKeyboardButton(callback_data='faq', text='❓ Вопрос-ответ'),), (InlineKeyboardButton(callback_data='school_info', text='🏫 Информация о школе'),), (InlineKeyboardButton(callback_data='comments', text='💬 Комментарии и пожелания'),), (InlineKeyboardButton(callback_data='schedule', text='📅 Расписание'),))), supergroup_chat_created=False, text='Добро пожаловать в наш бот! Здесь вы можете найти информацию о школе, задать вопросы и оставить комментарии.')), update_id=668807507) caused error 'NoneType' object has no attribute 'reply_text'
[2025-02-14 00:09:21.369396] Update None caused error Bad Gateway
[2025-03-10 17:13:56.255573] Update Update(callback_query=CallbackQuery(chat_instance='-4918720271281799030', data='schedule', from_user=User(first_name='💗🫨', id=704381821, is_bot=False, is_premium=True, language_code='ru', username='bludaman'), id='3025296887355124411', message=Message(channel_chat_created=False, chat=Chat(first_name='💗🫨', id=704381821, type=<ChatType.PRIVATE>, username='bludaman'), date=datetime.datetime(2025, 3, 10, 14, 13, 21, tzinfo=datetime.timezone.utc), delete_chat_photo=False, edit_date=datetime.datetime(2025, 3, 10, 14, 13, 51, tzinfo=datetime.timezone.utc), from_user=User(first_name='Kadet58_bot', id=8132367709, is_bot=True, username='Gubernskia_Cadet_Corps_bot'), group_chat_created=False, message_id=438, reply_markup=InlineKeyboardMarkup(inline_keyboard=((InlineKeyboardButton(callback_data='location', text='📍 Местоположение школы'),), (InlineKeyboardButton(callback_data='people_info', text='📄 Информация о людях'),), (InlineKeyboardButton(callback_data='faq', text='❓ Вопрос-ответ'),), (InlineKeyboardButton(callback_data='school_info', text='🏫 Информация о школе'),), (InlineKeyboardButton(callback_data='comments', text='💬 Комментарии и пожелания'),), (InlineKeyboardButton(callback_data='schedule', text='📅 Расписание'),))), supergroup_chat_created=False, text='Добро пожаловать в наш бот! Здесь вы можете найти информацию о школе, задать вопросы и оставить комментарии.')), update_id=668807548) caused error 'NoneType' object has no attribute 'reply_text'
